// Jest Snapshot v1, https://goo.gl/fbAQLP

exports[`<Header /> renders 1`] = `[Function]`;

exports[`<Header /> renders and takes a snapshot 1`] = `[Function]`;
